Microchip MPLAB XC8 Compiler V2.20

Linker command line:

-W-3 --edf=/opt/microchip/xc8/v2.20/pic/dat/en_msgs.txt -cn \
  -h+dist/default/production/tstLCD.X.production.sym \
  --cmf=dist/default/production/tstLCD.X.production.cmf -z -Q16F18875 \
  -o/tmp/xcXKEjDdd --defsym=__MPLAB_BUILD=1 \
  -Mdist/default/production/tstLCD.X.production.map -E1 -ver=XC8 Compiler \
  --acfsm=1493 -ASTACK=02030h-023EFh -pstack=STACK -ACODE=00h-07FFhx4 \
  -ASTRCODE=00h-01FFFh -ASTRING=00h-0FFhx32 -ACONST=00h-0FFhx32 \
  -AENTRY=00h-0FFhx32 -ACOMMON=070h-07Fh -ABANK0=020h-06Fh \
  -ABANK1=0A0h-0EFh -ABANK2=0120h-016Fh -ABANK3=01A0h-01EFh \
  -ABANK4=0220h-026Fh -ABANK5=02A0h-02EFh -ABANK6=0320h-036Fh \
  -ABANK7=03A0h-03EFh -ABANK8=0420h-046Fh -ABANK9=04A0h-04EFh \
  -ABANK10=0520h-056Fh -ABANK11=05A0h-05EFh -ABANK12=0620h-064Fh \
  -ABIGRAM=02000h-023EFh \
  -ARAM=020h-06Fh,0A0h-0EFh,0120h-016Fh,01A0h-01EFh,0220h-026Fh,02A0h-02EFh,0320h-036Fh,03A0h-03EFh,0420h-046Fh,04A0h-04EFh,0520h-056Fh,05A0h-05EFh,0620h-064Fh \
  -AABS1=020h-07Fh,0A0h-0EFh,0120h-016Fh,01A0h-01EFh,0220h-026Fh,02A0h-02EFh,0320h-036Fh,03A0h-03EFh,0420h-046Fh,04A0h-04EFh,0520h-056Fh,05A0h-05EFh,0620h-064Fh \
  -ASFR0=00h-01Fh -ASFR1=080h-09Fh -ASFR2=0100h-011Fh -ASFR3=0180h-019Fh \
  -ASFR4=0200h-021Fh -ASFR5=0280h-029Fh -ASFR6=0300h-031Fh \
  -ASFR7=0380h-039Fh -ASFR8=0400h-041Fh -ASFR9=0480h-049Fh \
  -ASFR10=0500h-051Fh -ASFR11=0580h-059Fh -ASFR12=0600h-061Fh \
  -ASFR13=0680h-06EFh -ASFR14=0700h-076Fh -ASFR15=0780h-07EFh \
  -ASFR16=0800h-086Fh -ASFR17=0880h-08EFh -ASFR18=0900h-096Fh \
  -ASFR19=0980h-09EFh -ASFR20=0A00h-0A6Fh -ASFR21=0A80h-0AEFh \
  -ASFR22=0B00h-0B6Fh -ASFR23=0B80h-0BEFh -ASFR24=0C00h-0C6Fh \
  -ASFR25=0C80h-0CEFh -ASFR26=0D00h-0D6Fh -ASFR27=0D80h-0DEFh \
  -ASFR28=0E00h-0E6Fh -ASFR29=0E80h-0EEFh -ASFR30=0F00h-0F6Fh \
  -ASFR31=0F80h-0FEFh -ACONFIG=08007h-0800Bh -DCONFIG=2 \
  -AIDLOC=08000h-08003h -DIDLOC=2 \
  -preset_vec=00h,intentry=04h,init,end_init -ppowerup=CODE -pcinit=CODE \
  -pfunctab=ENTRY -AEEDATA=00h-0FFh/0F000h -peeprom_data=EEDATA -DEEDATA=2 \
  -DCODE=2 -DSTRCODE=2 -DSTRING=2 -DCONST=2 -DENTRY=2 -k /tmp/xcXglLAKE.o \
  dist/default/production/tstLCD.X.production.o 

Object code version is 3.11

Machine type is 16F18875



                Name                               Link     Load   Length Selector   Space Scale
/tmp/xcXglLAKE.o
                end_init                             1C       1C        2        8       0
                reset_vec                             0        0        2        0       0
                config                             8007     8007        5        0       4
dist/default/production/tstLCD.X.production.o
                cinit                                1E       1E        9        8       0
                intentry                              4        4       18        8       0
                config                             8007     8007        5        0       4
                text20                              639      639       4B        8       0
                text19                              491      491       B3        8       0
                text18                              FD6      FD6        7     1FAC       0
                text17                              684      684       43        8       0
                text16                              5C8      5C8       71        8       0
                text15                              7AC      7AC       1A        8       0
                text14                              23E      23E      146        8       0
                text13                              FDD      FDD        8     1FBA       0
                text12                              791      791       1B        8       0
                text11                              FED      FED        9     1FDA       0
                text10                              703      703       3B        8       0
                text9                               FE5      FE5        8     1FCA       0
                text8                               FF6      FF6        A     1FEC       0
                text7                               7F1      7F1        C      FBE       0
                text6                               6C7      6C7       3C        8       0
                text5                               73E      73E       34        8       0
                text4                               772      772       1F        8       0
                text3                               7DF      7DF       12      FBE       0
                text2                                27       27      217        8       0
                text1                               384      384      10D        8       0
                maintext                            544      544       84        8       0
                cstackBANK0                          20       20       2C       20       1
                cstackCOMMON                         70       70        E       70       1
                bssBANK0                             4C       4C        4       20       1
                stringtext5                        1007     1007        5     2000       0
                stringtext4                        1000     1000        7     2000       0
                stringtext3                         807      807        A      FFA       0
                stringtext2                         7C6      7C6       19      F8C       0
                stringtext1                         7FD      7FD        A      FFA       0

TOTAL           Name                               Link     Load   Length     Space
        CLASS   STACK          

        CLASS   CODE           
                end_init                             1C       1C        2         0
                cinit                                1E       1E        9         0
                intentry                              4        4       18         0
                reset_vec                             0        0        2         0
                text20                              639      639       4B         0
                text19                              491      491       B3         0
                text18                              FD6      FD6        7         0
                text17                              684      684       43         0
                text16                              5C8      5C8       71         0
                text15                              7AC      7AC       1A         0
                text14                              23E      23E      146         0
                text13                              FDD      FDD        8         0
                text12                              791      791       1B         0
                text11                              FED      FED        9         0
                text10                              703      703       3B         0
                text9                               FE5      FE5        8         0
                text8                               FF6      FF6        A         0
                text7                               7F1      7F1        C         0
                text6                               6C7      6C7       3C         0
                text5                               73E      73E       34         0
                text4                               772      772       1F         0
                text3                               7DF      7DF       12         0
                text2                                27       27      217         0
                text1                               384      384      10D         0
                maintext                            544      544       84         0

        CLASS   STRCODE        
                stringtext5                        1007     1007        5         0
                stringtext4                        1000     1000        7         0
                stringtext3                         807      807        A         0
                stringtext2                         7C6      7C6       19         0
                stringtext1                         7FD      7FD        A         0

        CLASS   STRING         

        CLASS   CONST          

        CLASS   ENTRY          

        CLASS   COMMON         
                cstackCOMMON                         70       70        E         1

        CLASS   BANK0          
                cstackBANK0                          20       20       2C         1
                bssBANK0                             4C       4C        4         1

        CLASS   BANK1          

        CLASS   BANK2          

        CLASS   BANK3          

        CLASS   BANK4          

        CLASS   BANK5          

        CLASS   BANK6          

        CLASS   BANK7          

        CLASS   BANK8          

        CLASS   BANK9          

        CLASS   BANK10         

        CLASS   BANK11         

        CLASS   BANK12         

        CLASS   BIGRAM         

        CLASS   RAM            

        CLASS   ABS1           
                abs_s1                               7E       7E        2         1

        CLASS   SFR0           

        CLASS   SFR1           

        CLASS   SFR2           

        CLASS   SFR3           

        CLASS   SFR4           

        CLASS   SFR5           

        CLASS   SFR6           

        CLASS   SFR7           

        CLASS   SFR8           

        CLASS   SFR9           

        CLASS   SFR10          

        CLASS   SFR11          

        CLASS   SFR12          

        CLASS   SFR13          

        CLASS   SFR14          

        CLASS   SFR15          

        CLASS   SFR16          

        CLASS   SFR17          

        CLASS   SFR18          

        CLASS   SFR19          

        CLASS   SFR20          

        CLASS   SFR21          

        CLASS   SFR22          

        CLASS   SFR23          

        CLASS   SFR24          

        CLASS   SFR25          

        CLASS   SFR26          

        CLASS   SFR27          

        CLASS   SFR28          

        CLASS   SFR29          

        CLASS   SFR30          

        CLASS   SFR31          

        CLASS   CONFIG         
                config                             8007     8007        5         4

        CLASS   IDLOC          

        CLASS   EEDATA         

        CLASS   BANK31         

        CLASS   BANK30         

        CLASS   BANK29         

        CLASS   BANK28         

        CLASS   BANK27         

        CLASS   BANK26         

        CLASS   BANK25         

        CLASS   BANK24         

        CLASS   BANK23         

        CLASS   BANK22         

        CLASS   BANK21         

        CLASS   BANK20         

        CLASS   BANK19         

        CLASS   BANK18         

        CLASS   BANK17         

        CLASS   BANK16         

        CLASS   BANK15         

        CLASS   BANK14         

        CLASS   BANK13         



SEGMENTS        Name                           Load    Length   Top    Selector   Space  Class     Delta

                stringtext1                    0007FD  000014  000811       FFA       0  STRCODE     2
                text8                          000FF6  00000A  001000      1FEC       0  CODE        2
                text11                         000FED  000009  000FF6      1FDA       0  CODE        2
                text9                          000FE5  000008  000FED      1FCA       0  CODE        2
                reset_vec                      000000  000002  000002         0       0  CODE        2
                text3                          0007DF  00001E  0007FD       FBE       0  CODE        2
                stringtext2                    0007C6  000019  0007DF       F8C       0  STRCODE     2
                stringtext4                    001000  00000C  00100C      2000       0  STRCODE     2
                text18                         000FD6  000007  000FDD      1FAC       0  CODE        2
                text13                         000FDD  000008  000FE5      1FBA       0  CODE        2
                cstackBANK0                    000020  000030  000050        20       1  BANK0       1
                cstackCOMMON                   000070  00000E  00007E        70       1  COMMON      1
                intentry                       000004  0007C2  0007C6         8       0  CODE        2


UNUSED ADDRESS RANGES

        Name                Unused          Largest block    Delta
        BANK0            00050-0006F              20           1
        BANK1            000A0-000EF              50           1
        BANK10           00520-0056F              50           1
        BANK11           005A0-005EF              50           1
        BANK12           00620-0064F              30           1
        BANK2            00120-0016F              50           1
        BANK3            001A0-001EF              50           1
        BANK4            00220-0026F              50           1
        BANK5            002A0-002EF              50           1
        BANK6            00320-0036F              50           1
        BANK7            003A0-003EF              50           1
        BANK8            00420-0046F              50           1
        BANK9            004A0-004EF              50           1
        BIGRAM           02000-023EF             3F0           1
        CODE             00002-00003               2           2
                         00811-00FD5             7C5
                         0100C-01FFF             7F4
        CONST            00002-00003               2           2
                         00811-00FD5             100
                         0100C-01FFF             100
        EEDATA           0F000-0F0FF             100           2
        ENTRY            00002-00003               2           2
                         00811-00FD5             100
                         0100C-01FFF             100
        IDLOC            08000-08003               4           2
        RAM              00050-0006F              20           1
                         000A0-000EF              50
                         00120-0016F              50
                         001A0-001EF              50
                         00220-0026F              50
                         002A0-002EF              50
                         00320-0036F              50
                         003A0-003EF              50
                         00420-0046F              50
                         004A0-004EF              50
                         00520-0056F              50
                         005A0-005EF              50
                         00620-0064F              30
        SFR0             00000-0001F              20           1
        SFR1             00080-0009F              20           1
        SFR10            00500-0051F              20           1
        SFR11            00580-0059F              20           1
        SFR12            00600-0061F              20           1
        SFR13            00680-006EF              70           1
        SFR14            00700-0076F              70           1
        SFR15            00780-007EF              70           1
        SFR16            00800-0086F              70           1
        SFR17            00880-008EF              70           1
        SFR18            00900-0096F              70           1
        SFR19            00980-009EF              70           1
        SFR2             00100-0011F              20           1
        SFR20            00A00-00A6F              70           1
        SFR21            00A80-00AEF              70           1
        SFR22            00B00-00B6F              70           1
        SFR23            00B80-00BEF              70           1
        SFR24            00C00-00C6F              70           1
        SFR25            00C80-00CEF              70           1
        SFR26            00D00-00D6F              70           1
        SFR27            00D80-00DEF              70           1
        SFR28            00E00-00E6F              70           1
        SFR29            00E80-00EEF              70           1
        SFR3             00180-0019F              20           1
        SFR30            00F00-00F6F              70           1
        SFR31            00F80-00FEF              70           1
        SFR4             00200-0021F              20           1
        SFR5             00280-0029F              20           1
        SFR6             00300-0031F              20           1
        SFR7             00380-0039F              20           1
        SFR8             00400-0041F              20           1
        SFR9             00480-0049F              20           1
        STACK            02030-023EF             3C0           1
        STRCODE          00002-00003               2           2
                         00811-00FD5             7C5
                         0100C-01FFF             FF4
        STRING           00002-00003               2           2
                         00811-00FD5             100
                         0100C-01FFF             100

                                  Symbol Table

?___lwdiv                            cstackCOMMON 00070
?___lwmod                            cstackCOMMON 00078
?___wmul                             cstackCOMMON 00070
?_sprintf                            cstackBANK0  00020
LCDchar@c                            cstackCOMMON 00078
LCDcmd@c                             cstackCOMMON 00078
LCDrecv@hc                           cstackCOMMON 00074
LCDrecv@lc                           cstackCOMMON 00075
LCDrecv@mode                         cstackCOMMON 00076
LCDsend2x4@c                         cstackCOMMON 00075
LCDsend2x4@hc                        cstackCOMMON 00076
LCDsend2x4@lc                        cstackCOMMON 00077
LCDsend2x4@mode                      cstackCOMMON 00072
LCDsend@c                            cstackCOMMON 00073
LCDstr@c                             cstackBANK0  00020
LCDstr@p                             cstackCOMMON 00079
WriteI2C@data_out                    cstackCOMMON 00071
_ANSELA                              (abs)        00F38
_ANSELB                              (abs)        00F43
_ANSELC                              (abs)        00F4E
_ANSELD                              (abs)        00F59
_ANSELE                              (abs)        00F64
_INTCONbits                          (abs)        0000B
_INTERRUPT_InterruptManager          intentry     00004
_LATA                                (abs)        00016
_LATB                                (abs)        00017
_LATC                                (abs)        00018
_LATD                                (abs)        00019
_LATE                                (abs)        0001A
_LCDchar                             text13       00FDD
_LCDcmd                              text18       00FD6
_LCDinit                             text16       005C8
_LCDrecv                             text14       0023E
_LCDsend                             text17       00684
_LCDsend2x4                          text19       00491
_LCDstr                              text12       00791
_ODCONA                              (abs)        00F3A
_ODCONB                              (abs)        00F45
_ODCONC                              (abs)        00F50
_ODCOND                              (abs)        00F5B
_ODCONE                              (abs)        00F66
_OSCCON1                             (abs)        0088D
_OSCCON3                             (abs)        0088F
_OSCEN                               (abs)        00891
_OSCFRQ                              (abs)        00893
_OSCILLATOR_Initialize               text11       00FED
_OSCTUNE                             (abs)        00892
_PIE3bits                            (abs)        00719
_PIN_MANAGER_Initialize              text10       00703
_PIR3bits                            (abs)        0070F
_PMD0                                (abs)        00796
_PMD1                                (abs)        00797
_PMD2                                (abs)        00798
_PMD3                                (abs)        00799
_PMD4                                (abs)        0079A
_PMD5                                (abs)        0079B
_PMD_Initialize                      text9        00FE5
_RC3PPS                              (abs)        00F23
_RC4PPS                              (abs)        00F24
_ReadI2C                             text15       007AC
_SLRCONA                             (abs)        00F3B
_SLRCONB                             (abs)        00F46
_SLRCONC                             (abs)        00F51
_SLRCOND                             (abs)        00F5C
_SLRCONE                             (abs)        00F67
_SSP1ADD                             (abs)        0018D
_SSP1BUF                             (abs)        0018C
_SSP1CLKPPS                          (abs)        00EC5
_SSP1CON1                            (abs)        00190
_SSP1CON1bits                        (abs)        00190
_SSP1CON2                            (abs)        00191
_SSP1CON2bits                        (abs)        00191
_SSP1DATPPS                          (abs)        00EC6
_SSP1MSK                             (abs)        0018E
_SSP1STAT                            (abs)        0018F
_SSP1STATbits                        (abs)        0018F
_SYSTEM_Initialize                   text8        00FF6
_TRISA                               (abs)        00011
_TRISB                               (abs)        00012
_TRISC                               (abs)        00013
_TRISCbits                           (abs)        00013
_TRISD                               (abs)        00014
_TRISE                               (abs)        00015
_WPUA                                (abs)        00F39
_WPUB                                (abs)        00F44
_WPUC                                (abs)        00F4F
_WPUC3                               (abs)        07A7B
_WPUC4                               (abs)        07A7C
_WPUD                                (abs)        00F5A
_WPUE                                (abs)        00F65
_WriteI2C                            text20       00639
__Habs1                              abs1         00000
__Hbank0                             bank0        00000
__Hbank1                             bank1        00000
__Hbank10                            bank10       00000
__Hbank11                            bank11       00000
__Hbank12                            bank12       00000
__Hbank13                            bank13       00000
__Hbank14                            bank14       00000
__Hbank15                            bank15       00000
__Hbank16                            bank16       00000
__Hbank17                            bank17       00000
__Hbank18                            bank18       00000
__Hbank19                            bank19       00000
__Hbank2                             bank2        00000
__Hbank20                            bank20       00000
__Hbank21                            bank21       00000
__Hbank22                            bank22       00000
__Hbank23                            bank23       00000
__Hbank24                            bank24       00000
__Hbank25                            bank25       00000
__Hbank26                            bank26       00000
__Hbank27                            bank27       00000
__Hbank28                            bank28       00000
__Hbank29                            bank29       00000
__Hbank3                             bank3        00000
__Hbank30                            bank30       00000
__Hbank31                            bank31       00000
__Hbank4                             bank4        00000
__Hbank5                             bank5        00000
__Hbank6                             bank6        00000
__Hbank7                             bank7        00000
__Hbank8                             bank8        00000
__Hbank9                             bank9        00000
__Hbigram                            bigram       00000
__HbssBANK0                          bssBANK0     00000
__Hcinit                             cinit        00027
__Hclrtext                           clrtext      00000
__Hcode                              code         00000
__Hcommon                            common       00000
__Hconfig                            config       0800C
__HcstackBANK0                       cstackBANK0  00000
__HcstackCOMMON                      cstackCOMMON 00000
__Heeprom_data                       eeprom_data  00000
__Hend_init                          end_init     0001E
__Hfunctab                           functab      00000
__Hinit                              init         0001C
__Hintentry                          intentry     0001C
__Hmaintext                          maintext     00000
__Hpowerup                           powerup      00000
__Hram                               ram          00000
__Hreset_vec                         reset_vec    00002
__Hsfr0                              sfr0         00000
__Hsfr1                              sfr1         00000
__Hsfr10                             sfr10        00000
__Hsfr11                             sfr11        00000
__Hsfr12                             sfr12        00000
__Hsfr13                             sfr13        00000
__Hsfr14                             sfr14        00000
__Hsfr15                             sfr15        00000
__Hsfr16                             sfr16        00000
__Hsfr17                             sfr17        00000
__Hsfr18                             sfr18        00000
__Hsfr19                             sfr19        00000
__Hsfr2                              sfr2         00000
__Hsfr20                             sfr20        00000
__Hsfr21                             sfr21        00000
__Hsfr22                             sfr22        00000
__Hsfr23                             sfr23        00000
__Hsfr24                             sfr24        00000
__Hsfr25                             sfr25        00000
__Hsfr26                             sfr26        00000
__Hsfr27                             sfr27        00000
__Hsfr28                             sfr28        00000
__Hsfr29                             sfr29        00000
__Hsfr3                              sfr3         00000
__Hsfr30                             sfr30        00000
__Hsfr31                             sfr31        00000
__Hsfr4                              sfr4         00000
__Hsfr5                              sfr5         00000
__Hsfr6                              sfr6         00000
__Hsfr7                              sfr7         00000
__Hsfr8                              sfr8         00000
__Hsfr9                              sfr9         00000
__Hspace_0                           (abs)        0100C
__Hspace_1                           (abs)        0007E
__Hspace_2                           (abs)        00000
__Hspace_3                           (abs)        00000
__Hspace_4                           (abs)        10013
__Hstack                             stack        00000
__Hstrings                           strings      00000
__Hstringtext1                       stringtext1  00000
__Hstringtext2                       stringtext2  00000
__Hstringtext3                       stringtext3  00000
__Hstringtext4                       stringtext4  00000
__Hstringtext5                       stringtext5  00000
__Hstringtext6                       stringtext6  00000
__Htext                              text         00000
__Labs1                              abs1         00000
__Lbank0                             bank0        00000
__Lbank1                             bank1        00000
__Lbank10                            bank10       00000
__Lbank11                            bank11       00000
__Lbank12                            bank12       00000
__Lbank13                            bank13       00000
__Lbank14                            bank14       00000
__Lbank15                            bank15       00000
__Lbank16                            bank16       00000
__Lbank17                            bank17       00000
__Lbank18                            bank18       00000
__Lbank19                            bank19       00000
__Lbank2                             bank2        00000
__Lbank20                            bank20       00000
__Lbank21                            bank21       00000
__Lbank22                            bank22       00000
__Lbank23                            bank23       00000
__Lbank24                            bank24       00000
__Lbank25                            bank25       00000
__Lbank26                            bank26       00000
__Lbank27                            bank27       00000
__Lbank28                            bank28       00000
__Lbank29                            bank29       00000
__Lbank3                             bank3        00000
__Lbank30                            bank30       00000
__Lbank31                            bank31       00000
__Lbank4                             bank4        00000
__Lbank5                             bank5        00000
__Lbank6                             bank6        00000
__Lbank7                             bank7        00000
__Lbank8                             bank8        00000
__Lbank9                             bank9        00000
__Lbigram                            bigram       00000
__LbssBANK0                          bssBANK0     00000
__Lcinit                             cinit        0001E
__Lclrtext                           clrtext      00000
__Lcode                              code         00000
__Lcommon                            common       00000
__Lconfig                            config       00000
__LcstackBANK0                       cstackBANK0  00000
__LcstackCOMMON                      cstackCOMMON 00000
__Leeprom_data                       eeprom_data  00000
__Lend_init                          end_init     0001C
__Lfunctab                           functab      00000
__Linit                              init         0001C
__Lintentry                          intentry     00004
__Lmaintext                          maintext     00000
__Lpowerup                           powerup      00000
__Lram                               ram          00000
__Lreset_vec                         reset_vec    00000
__Lsfr0                              sfr0         00000
__Lsfr1                              sfr1         00000
__Lsfr10                             sfr10        00000
__Lsfr11                             sfr11        00000
__Lsfr12                             sfr12        00000
__Lsfr13                             sfr13        00000
__Lsfr14                             sfr14        00000
__Lsfr15                             sfr15        00000
__Lsfr16                             sfr16        00000
__Lsfr17                             sfr17        00000
__Lsfr18                             sfr18        00000
__Lsfr19                             sfr19        00000
__Lsfr2                              sfr2         00000
__Lsfr20                             sfr20        00000
__Lsfr21                             sfr21        00000
__Lsfr22                             sfr22        00000
__Lsfr23                             sfr23        00000
__Lsfr24                             sfr24        00000
__Lsfr25                             sfr25        00000
__Lsfr26                             sfr26        00000
__Lsfr27                             sfr27        00000
__Lsfr28                             sfr28        00000
__Lsfr29                             sfr29        00000
__Lsfr3                              sfr3         00000
__Lsfr30                             sfr30        00000
__Lsfr31                             sfr31        00000
__Lsfr4                              sfr4         00000
__Lsfr5                              sfr5         00000
__Lsfr6                              sfr6         00000
__Lsfr7                              sfr7         00000
__Lsfr8                              sfr8         00000
__Lsfr9                              sfr9         00000
__Lspace_0                           (abs)        00000
__Lspace_1                           (abs)        00000
__Lspace_2                           (abs)        00000
__Lspace_3                           (abs)        00000
__Lspace_4                           (abs)        00000
__Lstack                             stack        00000
__Lstrings                           strings      00000
__Lstringtext1                       stringtext1  00000
__Lstringtext2                       stringtext2  00000
__Lstringtext3                       stringtext3  00000
__Lstringtext4                       stringtext4  00000
__Lstringtext5                       stringtext5  00000
__Lstringtext6                       stringtext6  00000
__Ltext                              text         00000
__S0                                 (abs)        0100C
__S1                                 (abs)        0007E
__S2                                 (abs)        00000
__S3                                 (abs)        00000
___int_sp                            stack        00000
___latbits                           (abs)        00002
___lwdiv                             text6        006C7
___lwdiv@counter                     cstackCOMMON 00077
___lwdiv@dividend                    cstackCOMMON 00072
___lwdiv@divisor                     cstackCOMMON 00070
___lwdiv@quotient                    cstackCOMMON 00075
___lwmod                             text5        0073E
___lwmod@counter                     cstackCOMMON 0007D
___lwmod@dividend                    cstackCOMMON 0007A
___lwmod@divisor                     cstackCOMMON 00078
___sp                                stack        00000
___stackhi                           (abs)        023EF
___stacklo                           (abs)        02030
___wmul                              text4        00772
___wmul@multiplicand                 cstackCOMMON 00072
___wmul@multiplier                   cstackCOMMON 00070
___wmul@product                      cstackCOMMON 00074
__end_of_INTERRUPT_InterruptManager  intentry     0001C
__end_of_LCDchar                     text13       00FE5
__end_of_LCDcmd                      text18       00FDD
__end_of_LCDinit                     text16       00639
__end_of_LCDrecv                     text14       00384
__end_of_LCDsend                     text17       006C7
__end_of_LCDsend2x4                  text19       00544
__end_of_LCDstr                      text12       007AC
__end_of_OSCILLATOR_Initialize       text11       00FF6
__end_of_PIN_MANAGER_Initialize      text10       0073E
__end_of_PMD_Initialize              text9        00FED
__end_of_ReadI2C                     text15       007C6
__end_of_SYSTEM_Initialize           text8        01000
__end_of_WriteI2C                    text20       00684
__end_of___lwdiv                     text6        00703
__end_of___lwmod                     text5        00772
__end_of___wmul                      text4        00791
__end_of__initialization             cinit        00023
__end_of_dpowers                     stringtext1  00807
__end_of_hexpowers                   stringtext2  007CE
__end_of_i2c1_driver_open            text7        007FD
__end_of_isdigit                     text3        007F1
__end_of_main                        maintext     005C8
__end_of_sprintf                     text2        0023E
__end_of_tsttc                       text1        00491
__initialization                     cinit        0001E
__pbssBANK0                          bssBANK0     0004C
__pcstackBANK0                       cstackBANK0  00020
__pcstackCOMMON                      cstackCOMMON 00070
__pintentry                          intentry     00004
__pmaintext                          maintext     00544
__pstringtext1                       stringtext1  007FD
__pstringtext2                       stringtext2  007C6
__pstringtext3                       stringtext3  00807
__pstringtext4                       stringtext4  01000
__pstringtext5                       stringtext5  01007
__pstringtext6                       stringtext6  00000
__ptext1                             text1        00384
__ptext10                            text10       00703
__ptext11                            text11       00FED
__ptext12                            text12       00791
__ptext13                            text13       00FDD
__ptext14                            text14       0023E
__ptext15                            text15       007AC
__ptext16                            text16       005C8
__ptext17                            text17       00684
__ptext18                            text18       00FD6
__ptext19                            text19       00491
__ptext2                             text2        00027
__ptext20                            text20       00639
__ptext3                             text3        007DF
__ptext4                             text4        00772
__ptext5                             text5        0073E
__ptext6                             text6        006C7
__ptext7                             text7        007F1
__ptext8                             text8        00FF6
__ptext9                             text9        00FE5
__size_of_INTERRUPT_InterruptManager (abs)        00000
__size_of_LCDchar                    (abs)        00000
__size_of_LCDcmd                     (abs)        00000
__size_of_LCDinit                    (abs)        00000
__size_of_LCDrecv                    (abs)        00000
__size_of_LCDsend                    (abs)        00000
__size_of_LCDsend2x4                 (abs)        00000
__size_of_LCDstr                     (abs)        00000
__size_of_OSCILLATOR_Initialize      (abs)        00000
__size_of_PIN_MANAGER_Initialize     (abs)        00000
__size_of_PMD_Initialize             (abs)        00000
__size_of_ReadI2C                    (abs)        00000
__size_of_SYSTEM_Initialize          (abs)        00000
__size_of_WriteI2C                   (abs)        00000
__size_of___lwdiv                    (abs)        00000
__size_of___lwmod                    (abs)        00000
__size_of___wmul                     (abs)        00000
__size_of_i2c1_driver_open           (abs)        00000
__size_of_isdigit                    (abs)        00000
__size_of_main                       (abs)        00000
__size_of_sprintf                    (abs)        00000
__size_of_tsttc                      (abs)        00000
_dpowers                             stringtext1  007FD
_hexpowers                           stringtext2  007C6
_i2c1_driver_busCollisionISR         bssBANK0     0004E
_i2c1_driver_i2cISR                  bssBANK0     0004C
_i2c1_driver_open                    text7        007F1
_isdigit                             text3        007DF
_isdigit$1514                        cstackCOMMON 00070
_main                                maintext     00544
_sprintf                             text2        00027
_tsttc                               text1        00384
btemp                                (abs)        0007E
end_of_initialization                cinit        00023
int$flags                            (abs)        0007E
intlevel0                            functab      00000
intlevel1                            functab      00000
intlevel2                            functab      00000
intlevel3                            functab      00000
intlevel4                            functab      00000
intlevel5                            functab      00000
isdigit@c                            cstackCOMMON 00071
main@buf                             cstackBANK0  00038
main@c                               cstackBANK0  00049
main@c1                              cstackBANK0  0004A
main@c2                              cstackBANK0  0004B
reset_vec                            reset_vec    00000
sprintf@ap                           cstackBANK0  0002B
sprintf@c                            cstackBANK0  00033
sprintf@f                            cstackBANK0  00020
sprintf@flag                         cstackBANK0  0002F
sprintf@idx                          cstackBANK0  0002A
sprintf@prec                         cstackBANK0  0002C
sprintf@sp                           cstackBANK0  00032
sprintf@val                          cstackBANK0  0002D
sprintf@width                        cstackBANK0  00030
start                                init         0001C
start_initialization                 cinit        0001E
tsttc@value                          cstackCOMMON 00073
wtemp0                               (abs)        0007E


FUNCTION INFORMATION:

 *************** function _main *****************
 Defined at:
		line 195 in file "main.c"
 Parameters:    Size  Location     Type
		None
 Auto vars:     Size  Location     Type
  buf            17   24[BANK0 ] unsigned char [17]
  c2              1   43[BANK0 ] unsigned char 
  c1              1   42[BANK0 ] unsigned char 
  c               1   41[BANK0 ] unsigned char 
  lc              1    0        unsigned char 
  hc              1    0        unsigned char 
 Return value:  Size  Location     Type
                  1    wreg      void 
 Registers used:
		wreg, fsr0l, fsr0h, fsr1l, fsr1h, status,2, status,0, pclath, cstack
 Tracked objects:
		On entry : 
		On exit  : 
		Unchanged: 
 Data sizes:     COMMON   BANK0   BANK1   BANK2   BANK3   BANK4   BANK5   BANK6   BANK7   BANK8   BANK9  BANK10  BANK11  BANK12
      Params:         0       0       0       0       0       0       0       0       0       0       0       0       0       0
      Locals:         0      20       0       0       0       0       0       0       0       0       0       0       0       0
      Temps:          0       4       0       0       0       0       0       0       0       0       0       0       0       0
      Totals:         0      24       0       0       0       0       0       0       0       0       0       0       0       0
Total ram usage:       24 bytes
 Hardware stack levels required when called:    5
 This function calls:
		_LCDcmd
		_LCDinit
		_LCDrecv
		_LCDstr
		_SYSTEM_Initialize
		_i2c1_driver_open
		_sprintf
		_tsttc
 This function is called by:
		Startup code after reset
 This function uses a non-reentrant model


 *************** function _tsttc *****************
 Defined at:
		line 52 in file "main.c"
 Parameters:    Size  Location     Type
		None
 Auto vars:     Size  Location     Type
  value           1    3[COMMON] unsigned char 
 Return value:  Size  Location     Type
                  1    wreg      unsigned char 
 Registers used:
		wreg, status,2, status,0, pclath, cstack
 Tracked objects:
		On entry : 
		On exit  : 
		Unchanged: 
 Data sizes:     COMMON   BANK0   BANK1   BANK2   BANK3   BANK4   BANK5   BANK6   BANK7   BANK8   BANK9  BANK10  BANK11  BANK12
      Params:         0       0       0       0       0       0       0       0       0       0       0       0       0       0
      Locals:         1       0       0       0       0       0       0       0       0       0       0       0       0       0
      Temps:          1       0       0       0       0       0       0       0       0       0       0       0       0       0
      Totals:         2       0       0       0       0       0       0       0       0       0       0       0       0       0
Total ram usage:        2 bytes
 Hardware stack levels used:    1
 Hardware stack levels required when called:    2
 This function calls:
		_ReadI2C
		_WriteI2C
 This function is called by:
		_main
 This function uses a non-reentrant model


 *************** function _sprintf *****************
 Defined at:
		line 505 in file "/opt/microchip/xc8/v2.20/pic/sources/c90/common/doprnt.c"
 Parameters:    Size  Location     Type
  sp              1    wreg     PTR unsigned char 
		 -> main@buf(17), 
  f               2    0[BANK0 ] PTR const unsigned char 
		 -> STR_3(10), STR_2(7), 
 Auto vars:     Size  Location     Type
  sp              1   18[BANK0 ] PTR unsigned char 
		 -> main@buf(17), 
  idx             1   10[BANK0 ] unsigned char 
  tmpval          4    0        struct .
  width           2   16[BANK0 ] int 
  val             2   13[BANK0 ] unsigned int 
  cp              2    0        PTR const unsigned char 
  len             2    0        unsigned int 
  c               1   19[BANK0 ] unsigned char 
  flag            1   15[BANK0 ] unsigned char 
  prec            1   12[BANK0 ] char 
  ap              1   11[BANK0 ] PTR void [1]
		 -> ?_sprintf(2), 
 Return value:  Size  Location     Type
                  2    0[BANK0 ] int 
 Registers used:
		wreg, fsr0l, fsr0h, fsr1l, fsr1h, status,2, status,0, pclath, cstack
 Tracked objects:
		On entry : 
		On exit  : 
		Unchanged: 
 Data sizes:     COMMON   BANK0   BANK1   BANK2   BANK3   BANK4   BANK5   BANK6   BANK7   BANK8   BANK9  BANK10  BANK11  BANK12
      Params:         0       6       0       0       0       0       0       0       0       0       0       0       0       0
      Locals:         0      10       0       0       0       0       0       0       0       0       0       0       0       0
      Temps:          0       4       0       0       0       0       0       0       0       0       0       0       0       0
      Totals:         0      20       0       0       0       0       0       0       0       0       0       0       0       0
Total ram usage:       20 bytes
 Hardware stack levels used:    1
 Hardware stack levels required when called:    2
 This function calls:
		___lwdiv
		___lwmod
		___wmul
		_isdigit
 This function is called by:
		_main
 This function uses a non-reentrant model


 *************** function _isdigit *****************
 Defined at:
		line 8 in file "/opt/microchip/xc8/v2.20/pic/sources/c90/common/isdigit.c"
 Parameters:    Size  Location     Type
  c               1    wreg     unsigned char 
 Auto vars:     Size  Location     Type
  c               1    1[COMMON] unsigned char 
 Return value:  Size  Location     Type
		None               void
 Registers used:
		wreg, status,2, status,0
 Tracked objects:
		On entry : 
		On exit  : 
		Unchanged: 
 Data sizes:     COMMON   BANK0   BANK1   BANK2   BANK3   BANK4   BANK5   BANK6   BANK7   BANK8   BANK9  BANK10  BANK11  BANK12
      Params:         0       0       0       0       0       0       0       0       0       0       0       0       0       0
      Locals:         2       0       0       0       0       0       0       0       0       0       0       0       0       0
      Temps:          0       0       0       0       0       0       0       0       0       0       0       0       0       0
      Totals:         2       0       0       0       0       0       0       0       0       0       0       0       0       0
Total ram usage:        2 bytes
 Hardware stack levels used:    1
 Hardware stack levels required when called:    1
 This function calls:
		Nothing
 This function is called by:
		_sprintf
 This function uses a non-reentrant model


 *************** function ___wmul *****************
 Defined at:
		line 15 in file "/opt/microchip/xc8/v2.20/pic/sources/c90/common/Umul16.c"
 Parameters:    Size  Location     Type
  multiplier      2    0[COMMON] unsigned int 
  multiplicand    2    2[COMMON] unsigned int 
 Auto vars:     Size  Location     Type
  product         2    4[COMMON] unsigned int 
 Return value:  Size  Location     Type
                  2    0[COMMON] unsigned int 
 Registers used:
		wreg, status,2, status,0
 Tracked objects:
		On entry : 
		On exit  : 
		Unchanged: 
 Data sizes:     COMMON   BANK0   BANK1   BANK2   BANK3   BANK4   BANK5   BANK6   BANK7   BANK8   BANK9  BANK10  BANK11  BANK12
      Params:         4       0       0       0       0       0       0       0       0       0       0       0       0       0
      Locals:         2       0       0       0       0       0       0       0       0       0       0       0       0       0
      Temps:          0       0       0       0       0       0       0       0       0       0       0       0       0       0
      Totals:         6       0       0       0       0       0       0       0       0       0       0       0       0       0
Total ram usage:        6 bytes
 Hardware stack levels used:    1
 Hardware stack levels required when called:    1
 This function calls:
		Nothing
 This function is called by:
		_sprintf
 This function uses a non-reentrant model


 *************** function ___lwmod *****************
 Defined at:
		line 5 in file "/opt/microchip/xc8/v2.20/pic/sources/c90/common/lwmod.c"
 Parameters:    Size  Location     Type
  divisor         2    8[COMMON] unsigned int 
  dividend        2   10[COMMON] unsigned int 
 Auto vars:     Size  Location     Type
  counter         1   13[COMMON] unsigned char 
 Return value:  Size  Location     Type
                  2    8[COMMON] unsigned int 
 Registers used:
		wreg, status,2, status,0
 Tracked objects:
		On entry : 
		On exit  : 
		Unchanged: 
 Data sizes:     COMMON   BANK0   BANK1   BANK2   BANK3   BANK4   BANK5   BANK6   BANK7   BANK8   BANK9  BANK10  BANK11  BANK12
      Params:         4       0       0       0       0       0       0       0       0       0       0       0       0       0
      Locals:         1       0       0       0       0       0       0       0       0       0       0       0       0       0
      Temps:          1       0       0       0       0       0       0       0       0       0       0       0       0       0
      Totals:         6       0       0       0       0       0       0       0       0       0       0       0       0       0
Total ram usage:        6 bytes
 Hardware stack levels used:    1
 Hardware stack levels required when called:    1
 This function calls:
		Nothing
 This function is called by:
		_sprintf
 This function uses a non-reentrant model


 *************** function ___lwdiv *****************
 Defined at:
		line 5 in file "/opt/microchip/xc8/v2.20/pic/sources/c90/common/lwdiv.c"
 Parameters:    Size  Location     Type
  divisor         2    0[COMMON] unsigned int 
  dividend        2    2[COMMON] unsigned int 
 Auto vars:     Size  Location     Type
  quotient        2    5[COMMON] unsigned int 
  counter         1    7[COMMON] unsigned char 
 Return value:  Size  Location     Type
                  2    0[COMMON] unsigned int 
 Registers used:
		wreg, status,2, status,0
 Tracked objects:
		On entry : 
		On exit  : 
		Unchanged: 
 Data sizes:     COMMON   BANK0   BANK1   BANK2   BANK3   BANK4   BANK5   BANK6   BANK7   BANK8   BANK9  BANK10  BANK11  BANK12
      Params:         4       0       0       0       0       0       0       0       0       0       0       0       0       0
      Locals:         3       0       0       0       0       0       0       0       0       0       0       0       0       0
      Temps:          1       0       0       0       0       0       0       0       0       0       0       0       0       0
      Totals:         8       0       0       0       0       0       0       0       0       0       0       0       0       0
Total ram usage:        8 bytes
 Hardware stack levels used:    1
 Hardware stack levels required when called:    1
 This function calls:
		Nothing
 This function is called by:
		_sprintf
 This function uses a non-reentrant model


 *************** function _i2c1_driver_open *****************
 Defined at:
		line 83 in file "mcc_generated_files/i2c1_driver.c"
 Parameters:    Size  Location     Type
		None
 Auto vars:     Size  Location     Type
		None
 Return value:  Size  Location     Type
		None               void
 Registers used:
		wreg, status,2
 Tracked objects:
		On entry : 
		On exit  : 
		Unchanged: 
 Data sizes:     COMMON   BANK0   BANK1   BANK2   BANK3   BANK4   BANK5   BANK6   BANK7   BANK8   BANK9  BANK10  BANK11  BANK12
      Params:         0       0       0       0       0       0       0       0       0       0       0       0       0       0
      Locals:         0       0       0       0       0       0       0       0       0       0       0       0       0       0
      Temps:          0       0       0       0       0       0       0       0       0       0       0       0       0       0
      Totals:         0       0       0       0       0       0       0       0       0       0       0       0       0       0
Total ram usage:        0 bytes
 Hardware stack levels used:    1
 Hardware stack levels required when called:    1
 This function calls:
		Nothing
 This function is called by:
		_main
 This function uses a non-reentrant model


 *************** function _SYSTEM_Initialize *****************
 Defined at:
		line 50 in file "mcc_generated_files/mcc.c"
 Parameters:    Size  Location     Type
		None
 Auto vars:     Size  Location     Type
		None
 Return value:  Size  Location     Type
                  1    wreg      void 
 Registers used:
		wreg, status,2, status,0, pclath, cstack
 Tracked objects:
		On entry : 
		On exit  : 
		Unchanged: 
 Data sizes:     COMMON   BANK0   BANK1   BANK2   BANK3   BANK4   BANK5   BANK6   BANK7   BANK8   BANK9  BANK10  BANK11  BANK12
      Params:         0       0       0       0       0       0       0       0       0       0       0       0       0       0
      Locals:         0       0       0       0       0       0       0       0       0       0       0       0       0       0
      Temps:          0       0       0       0       0       0       0       0       0       0       0       0       0       0
      Totals:         0       0       0       0       0       0       0       0       0       0       0       0       0       0
Total ram usage:        0 bytes
 Hardware stack levels used:    1
 Hardware stack levels required when called:    2
 This function calls:
		_OSCILLATOR_Initialize
		_PIN_MANAGER_Initialize
		_PMD_Initialize
 This function is called by:
		_main
 This function uses a non-reentrant model


 *************** function _PMD_Initialize *****************
 Defined at:
		line 71 in file "mcc_generated_files/mcc.c"
 Parameters:    Size  Location     Type
		None
 Auto vars:     Size  Location     Type
		None
 Return value:  Size  Location     Type
                  1    wreg      void 
 Registers used:
		status,2
 Tracked objects:
		On entry : 
		On exit  : 
		Unchanged: 
 Data sizes:     COMMON   BANK0   BANK1   BANK2   BANK3   BANK4   BANK5   BANK6   BANK7   BANK8   BANK9  BANK10  BANK11  BANK12
      Params:         0       0       0       0       0       0       0       0       0       0       0       0       0       0
      Locals:         0       0       0       0       0       0       0       0       0       0       0       0       0       0
      Temps:          0       0       0       0       0       0       0       0       0       0       0       0       0       0
      Totals:         0       0       0       0       0       0       0       0       0       0       0       0       0       0
Total ram usage:        0 bytes
 Hardware stack levels used:    1
 Hardware stack levels required when called:    1
 This function calls:
		Nothing
 This function is called by:
		_SYSTEM_Initialize
 This function uses a non-reentrant model


 *************** function _PIN_MANAGER_Initialize *****************
 Defined at:
		line 57 in file "mcc_generated_files/pin_manager.c"
 Parameters:    Size  Location     Type
		None
 Auto vars:     Size  Location     Type
		None
 Return value:  Size  Location     Type
                  1    wreg      void 
 Registers used:
		wreg, status,2
 Tracked objects:
		On entry : 
		On exit  : 
		Unchanged: 
 Data sizes:     COMMON   BANK0   BANK1   BANK2   BANK3   BANK4   BANK5   BANK6   BANK7   BANK8   BANK9  BANK10  BANK11  BANK12
      Params:         0       0       0       0       0       0       0       0       0       0       0       0       0       0
      Locals:         0       0       0       0       0       0       0       0       0       0       0       0       0       0
      Temps:          0       0       0       0       0       0       0       0       0       0       0       0       0       0
      Totals:         0       0       0       0       0       0       0       0       0       0       0       0       0       0
Total ram usage:        0 bytes
 Hardware stack levels used:    1
 Hardware stack levels required when called:    1
 This function calls:
		Nothing
 This function is called by:
		_SYSTEM_Initialize
 This function uses a non-reentrant model


 *************** function _OSCILLATOR_Initialize *****************
 Defined at:
		line 57 in file "mcc_generated_files/mcc.c"
 Parameters:    Size  Location     Type
		None
 Auto vars:     Size  Location     Type
		None
 Return value:  Size  Location     Type
                  1    wreg      void 
 Registers used:
		wreg, status,2
 Tracked objects:
		On entry : 
		On exit  : 
		Unchanged: 
 Data sizes:     COMMON   BANK0   BANK1   BANK2   BANK3   BANK4   BANK5   BANK6   BANK7   BANK8   BANK9  BANK10  BANK11  BANK12
      Params:         0       0       0       0       0       0       0       0       0       0       0       0       0       0
      Locals:         0       0       0       0       0       0       0       0       0       0       0       0       0       0
      Temps:          0       0       0       0       0       0       0       0       0       0       0       0       0       0
      Totals:         0       0       0       0       0       0       0       0       0       0       0       0       0       0
Total ram usage:        0 bytes
 Hardware stack levels used:    1
 Hardware stack levels required when called:    1
 This function calls:
		Nothing
 This function is called by:
		_SYSTEM_Initialize
 This function uses a non-reentrant model


 *************** function _LCDstr *****************
 Defined at:
		line 182 in file "main.c"
 Parameters:    Size  Location     Type
  p               2    9[COMMON] PTR unsigned char 
		 -> main@buf(17), STR_1(5), 
 Auto vars:     Size  Location     Type
  c               1    0[BANK0 ] unsigned char 
 Return value:  Size  Location     Type
                  1    wreg      void 
 Registers used:
		wreg, fsr0l, fsr0h, status,2, status,0, pclath, cstack
 Tracked objects:
		On entry : 
		On exit  : 
		Unchanged: 
 Data sizes:     COMMON   BANK0   BANK1   BANK2   BANK3   BANK4   BANK5   BANK6   BANK7   BANK8   BANK9  BANK10  BANK11  BANK12
      Params:         2       0       0       0       0       0       0       0       0       0       0       0       0       0
      Locals:         0       1       0       0       0       0       0       0       0       0       0       0       0       0
      Temps:          3       0       0       0       0       0       0       0       0       0       0       0       0       0
      Totals:         5       1       0       0       0       0       0       0       0       0       0       0       0       0
Total ram usage:        6 bytes
 Hardware stack levels used:    1
 Hardware stack levels required when called:    4
 This function calls:
		_LCDchar
 This function is called by:
		_main
 This function uses a non-reentrant model


 *************** function _LCDchar *****************
 Defined at:
		line 177 in file "main.c"
 Parameters:    Size  Location     Type
  c               1    wreg     unsigned char 
 Auto vars:     Size  Location     Type
  c               1    8[COMMON] unsigned char 
 Return value:  Size  Location     Type
                  1    wreg      void 
 Registers used:
		wreg, status,2, status,0, pclath, cstack
 Tracked objects:
		On entry : 
		On exit  : 
		Unchanged: 
 Data sizes:     COMMON   BANK0   BANK1   BANK2   BANK3   BANK4   BANK5   BANK6   BANK7   BANK8   BANK9  BANK10  BANK11  BANK12
      Params:         0       0       0       0       0       0       0       0       0       0       0       0       0       0
      Locals:         1       0       0       0       0       0       0       0       0       0       0       0       0       0
      Temps:          0       0       0       0       0       0       0       0       0       0       0       0       0       0
      Totals:         1       0       0       0       0       0       0       0       0       0       0       0       0       0
Total ram usage:        1 bytes
 Hardware stack levels used:    1
 Hardware stack levels required when called:    3
 This function calls:
		_LCDsend2x4
 This function is called by:
		_LCDstr
 This function uses a non-reentrant model


 *************** function _LCDrecv *****************
 Defined at:
		line 95 in file "main.c"
 Parameters:    Size  Location     Type
  mode            1    wreg     unsigned char 
 Auto vars:     Size  Location     Type
  mode            1    6[COMMON] unsigned char 
  lc              1    5[COMMON] unsigned char 
  hc              1    4[COMMON] unsigned char 
 Return value:  Size  Location     Type
                  1    wreg      unsigned char 
 Registers used:
		wreg, status,2, status,0, pclath, cstack
 Tracked objects:
		On entry : 
		On exit  : 
		Unchanged: 
 Data sizes:     COMMON   BANK0   BANK1   BANK2   BANK3   BANK4   BANK5   BANK6   BANK7   BANK8   BANK9  BANK10  BANK11  BANK12
      Params:         0       0       0       0       0       0       0       0       0       0       0       0       0       0
      Locals:         3       0       0       0       0       0       0       0       0       0       0       0       0       0
      Temps:          2       0       0       0       0       0       0       0       0       0       0       0       0       0
      Totals:         5       0       0       0       0       0       0       0       0       0       0       0       0       0
Total ram usage:        5 bytes
 Hardware stack levels used:    1
 Hardware stack levels required when called:    2
 This function calls:
		_ReadI2C
		_WriteI2C
 This function is called by:
		_main
		_LCDbusy
 This function uses a non-reentrant model


 *************** function _ReadI2C *****************
 Defined at:
		line 32 in file "I2C/i2c.c"
 Parameters:    Size  Location     Type
		None
 Auto vars:     Size  Location     Type
		None
 Return value:  Size  Location     Type
                  1    wreg      unsigned char 
 Registers used:
		wreg, status,2, status,0
 Tracked objects:
		On entry : 
		On exit  : 
		Unchanged: 
 Data sizes:     COMMON   BANK0   BANK1   BANK2   BANK3   BANK4   BANK5   BANK6   BANK7   BANK8   BANK9  BANK10  BANK11  BANK12
      Params:         0       0       0       0       0       0       0       0       0       0       0       0       0       0
      Locals:         0       0       0       0       0       0       0       0       0       0       0       0       0       0
      Temps:          1       0       0       0       0       0       0       0       0       0       0       0       0       0
      Totals:         1       0       0       0       0       0       0       0       0       0       0       0       0       0
Total ram usage:        1 bytes
 Hardware stack levels used:    1
 Hardware stack levels required when called:    1
 This function calls:
		Nothing
 This function is called by:
		_tsttc
		_LCDrecv
 This function uses a non-reentrant model


 *************** function _LCDinit *****************
 Defined at:
		line 149 in file "main.c"
 Parameters:    Size  Location     Type
		None
 Auto vars:     Size  Location     Type
		None
 Return value:  Size  Location     Type
                  1    wreg      void 
 Registers used:
		wreg, status,2, status,0, pclath, cstack
 Tracked objects:
		On entry : 
		On exit  : 
		Unchanged: 
 Data sizes:     COMMON   BANK0   BANK1   BANK2   BANK3   BANK4   BANK5   BANK6   BANK7   BANK8   BANK9  BANK10  BANK11  BANK12
      Params:         0       0       0       0       0       0       0       0       0       0       0       0       0       0
      Locals:         0       0       0       0       0       0       0       0       0       0       0       0       0       0
      Temps:          1       0       0       0       0       0       0       0       0       0       0       0       0       0
      Totals:         1       0       0       0       0       0       0       0       0       0       0       0       0       0
Total ram usage:        1 bytes
 Hardware stack levels used:    1
 Hardware stack levels required when called:    3
 This function calls:
		_LCDsend
		_LCDsend2x4
 This function is called by:
		_main
 This function uses a non-reentrant model


 *************** function _LCDsend *****************
 Defined at:
		line 87 in file "main.c"
 Parameters:    Size  Location     Type
  c               1    wreg     unsigned char 
 Auto vars:     Size  Location     Type
  c               1    3[COMMON] unsigned char 
 Return value:  Size  Location     Type
                  1    wreg      void 
 Registers used:
		wreg, status,2, status,0, pclath, cstack
 Tracked objects:
		On entry : 
		On exit  : 
		Unchanged: 
 Data sizes:     COMMON   BANK0   BANK1   BANK2   BANK3   BANK4   BANK5   BANK6   BANK7   BANK8   BANK9  BANK10  BANK11  BANK12
      Params:         0       0       0       0       0       0       0       0       0       0       0       0       0       0
      Locals:         1       0       0       0       0       0       0       0       0       0       0       0       0       0
      Temps:          1       0       0       0       0       0       0       0       0       0       0       0       0       0
      Totals:         2       0       0       0       0       0       0       0       0       0       0       0       0       0
Total ram usage:        2 bytes
 Hardware stack levels used:    1
 Hardware stack levels required when called:    2
 This function calls:
		_WriteI2C
 This function is called by:
		_LCDinit
 This function uses a non-reentrant model


 *************** function _LCDcmd *****************
 Defined at:
		line 172 in file "main.c"
 Parameters:    Size  Location     Type
  c               1    wreg     unsigned char 
 Auto vars:     Size  Location     Type
  c               1    8[COMMON] unsigned char 
 Return value:  Size  Location     Type
                  1    wreg      void 
 Registers used:
		wreg, status,2, status,0, pclath, cstack
 Tracked objects:
		On entry : 
		On exit  : 
		Unchanged: 
 Data sizes:     COMMON   BANK0   BANK1   BANK2   BANK3   BANK4   BANK5   BANK6   BANK7   BANK8   BANK9  BANK10  BANK11  BANK12
      Params:         0       0       0       0       0       0       0       0       0       0       0       0       0       0
      Locals:         1       0       0       0       0       0       0       0       0       0       0       0       0       0
      Temps:          0       0       0       0       0       0       0       0       0       0       0       0       0       0
      Totals:         1       0       0       0       0       0       0       0       0       0       0       0       0       0
Total ram usage:        1 bytes
 Hardware stack levels used:    1
 Hardware stack levels required when called:    3
 This function calls:
		_LCDsend2x4
 This function is called by:
		_main
 This function uses a non-reentrant model


 *************** function _LCDsend2x4 *****************
 Defined at:
		line 126 in file "main.c"
 Parameters:    Size  Location     Type
  c               1    wreg     unsigned char 
  mode            1    2[COMMON] unsigned char 
 Auto vars:     Size  Location     Type
  c               1    5[COMMON] unsigned char 
  lc              1    7[COMMON] unsigned char 
  hc              1    6[COMMON] unsigned char 
 Return value:  Size  Location     Type
                  1    wreg      void 
 Registers used:
		wreg, status,2, status,0, pclath, cstack
 Tracked objects:
		On entry : 
		On exit  : 
		Unchanged: 
 Data sizes:     COMMON   BANK0   BANK1   BANK2   BANK3   BANK4   BANK5   BANK6   BANK7   BANK8   BANK9  BANK10  BANK11  BANK12
      Params:         1       0       0       0       0       0       0       0       0       0       0       0       0       0
      Locals:         3       0       0       0       0       0       0       0       0       0       0       0       0       0
      Temps:          2       0       0       0       0       0       0       0       0       0       0       0       0       0
      Totals:         6       0       0       0       0       0       0       0       0       0       0       0       0       0
Total ram usage:        6 bytes
 Hardware stack levels used:    1
 Hardware stack levels required when called:    2
 This function calls:
		_WriteI2C
 This function is called by:
		_LCDinit
		_LCDcmd
		_LCDchar
 This function uses a non-reentrant model


 *************** function _WriteI2C *****************
 Defined at:
		line 47 in file "I2C/i2c.c"
 Parameters:    Size  Location     Type
  data_out        1    wreg     unsigned char 
 Auto vars:     Size  Location     Type
  data_out        1    1[COMMON] unsigned char 
 Return value:  Size  Location     Type
                  1    wreg      char 
 Registers used:
		wreg, status,2, status,0
 Tracked objects:
		On entry : 
		On exit  : 
		Unchanged: 
 Data sizes:     COMMON   BANK0   BANK1   BANK2   BANK3   BANK4   BANK5   BANK6   BANK7   BANK8   BANK9  BANK10  BANK11  BANK12
      Params:         0       0       0       0       0       0       0       0       0       0       0       0       0       0
      Locals:         1       0       0       0       0       0       0       0       0       0       0       0       0       0
      Temps:          1       0       0       0       0       0       0       0       0       0       0       0       0       0
      Totals:         2       0       0       0       0       0       0       0       0       0       0       0       0       0
Total ram usage:        2 bytes
 Hardware stack levels used:    1
 Hardware stack levels required when called:    1
 This function calls:
		Nothing
 This function is called by:
		_tsttc
		_LCDsend
		_LCDrecv
		_LCDsend2x4
 This function uses a non-reentrant model


 *************** function _INTERRUPT_InterruptManager *****************
 Defined at:
		line 52 in file "mcc_generated_files/interrupt_manager.c"
 Parameters:    Size  Location     Type
		None
 Auto vars:     Size  Location     Type
		None
 Return value:  Size  Location     Type
                  1    wreg      void 
 Registers used:
		wreg
 Tracked objects:
		On entry : 
		On exit  : 
		Unchanged: 
 Data sizes:     COMMON   BANK0   BANK1   BANK2   BANK3   BANK4   BANK5   BANK6   BANK7   BANK8   BANK9  BANK10  BANK11  BANK12
      Params:         0       0       0       0       0       0       0       0       0       0       0       0       0       0
      Locals:         0       0       0       0       0       0       0       0       0       0       0       0       0       0
      Temps:          0       0       0       0       0       0       0       0       0       0       0       0       0       0
      Totals:         0       0       0       0       0       0       0       0       0       0       0       0       0       0
Total ram usage:        0 bytes
 Hardware stack levels used:    1
 This function calls:
		Nothing
 This function is called by:
		Interrupt level 1
 This function uses a non-reentrant model



MODULE INFORMATION

Module		Function		Class		Link	Load	Size
/opt/microchip/xc8/v2.20/pic/sources/c90/common/doprnt.c
		_sprintf       		CODE           	0027	0000	536

/opt/microchip/xc8/v2.20/pic/sources/c90/common/doprnt.c estimated size: 536

/opt/microchip/xc8/v2.20/pic/sources/c90/common/lwdiv.c
		___lwdiv       		CODE           	06C7	0000	61

/opt/microchip/xc8/v2.20/pic/sources/c90/common/lwdiv.c estimated size: 61

mcc_generated_files/interrupt_manager.c
		_INTERRUPT_InterruptManager		CODE           	0004	0000	25

mcc_generated_files/interrupt_manager.c estimated size: 25

/opt/microchip/xc8/v2.20/pic/sources/c90/common/Umul16.c
		___wmul        		CODE           	0772	0000	32

/opt/microchip/xc8/v2.20/pic/sources/c90/common/Umul16.c estimated size: 32

mcc_generated_files/pin_manager.c
		_PIN_MANAGER_Initialize		CODE           	0703	0000	60

mcc_generated_files/pin_manager.c estimated size: 60

I2C/i2c.c
		_ReadI2C       		CODE           	07AC	0000	27
		_WriteI2C      		CODE           	0639	0000	76

I2C/i2c.c estimated size: 103

/opt/microchip/xc8/v2.20/pic/sources/c90/common/isdigit.c
		_isdigit       		CODE           	07DF	0000	19

/opt/microchip/xc8/v2.20/pic/sources/c90/common/isdigit.c estimated size: 19

shared
		_dpowers       		STRCODE        	07FD	0000	11
		__initialization		CODE           	001E	0000	6
		_hexpowers     		STRCODE        	07C6	0000	9

shared estimated size: 26

mcc_generated_files/mcc.c
		_PMD_Initialize		CODE           	0FE5	0000	9
		_OSCILLATOR_Initialize		CODE           	0FED	0000	10
		_SYSTEM_Initialize		CODE           	0FF6	0000	11

mcc_generated_files/mcc.c estimated size: 30

/opt/microchip/xc8/v2.20/pic/sources/c90/common/lwmod.c
		___lwmod       		CODE           	073E	0000	53

/opt/microchip/xc8/v2.20/pic/sources/c90/common/lwmod.c estimated size: 53

mcc_generated_files/i2c1_driver.c
		_i2c1_driver_open		CODE           	07F1	0000	13

mcc_generated_files/i2c1_driver.c estimated size: 13

main.c
		_LCDinit       		CODE           	05C8	0000	114
		_LCDsend       		CODE           	0684	0000	68
		_LCDsend2x4    		CODE           	0491	0000	180
		_main          		CODE           	0544	0000	133
		_LCDstr        		CODE           	0791	0000	28
		_LCDchar       		CODE           	0FDD	0000	9
		_LCDrecv       		CODE           	023E	0000	327
		_tsttc         		CODE           	0384	0000	270
		_LCDcmd        		CODE           	0FD6	0000	8

main.c estimated size: 1137

